C51 COMPILER V9.54   MAIN                                                                  08/05/2024 16:12:15 PAGE 1   


C51 COMPILER V9.54, COMPILATION OF MODULE MAIN
OBJECT MODULE PLACED IN .\Objects\main.obj
COMPILER INVOKED BY: D:\0_FileSystem\500_PCfiles\510_software\Keil5\C51\BIN\C51.EXE main.c OPTIMIZE(8,SPEED) BROWSE DEBU
                    -G OBJECTEXTEND PRINT(.\Listings\main.lst) TABS(2) OBJECT(.\Objects\main.obj)

line level    source

   1          #include <REGX52.H>
   2          
   3          void Delay1ms()   //@12.000MHz
   4          {
   5   1        unsigned char i, j;
   6   1      
   7   1        i = 2;
   8   1        j = 239;
   9   1        do
  10   1        {
  11   2          while (--j);
  12   2        } while (--i);
  13   1      }
  14          
  15          void Delayxms(int x)
  16          {
  17   1        while (x > 0)
  18   1        {
  19   2          Delay1ms();
  20   2          x--;
  21   2        }
  22   1      }
  23          
  24          
  25          
  26          void main()
  27          {
  28   1        int x = 125;
  29   1        while (1)
  30   1        {
  31   2          P2 = 0xFE;
  32   2          Delayxms(x);
  33   2          P2 = 0xFC;
  34   2          Delayxms(x);
  35   2          P2 = 0xF8;
  36   2          Delayxms(x);
  37   2          P2 = 0xF0;
  38   2          Delayxms(x);
  39   2          P2 = 0xE0;
  40   2          Delayxms(x);
  41   2          P2 = 0xC0;
  42   2          Delayxms(x);
  43   2          P2 = 0x80;
  44   2          Delayxms(x);
  45   2          P2 = 0x00;
  46   2          Delayxms(x);
  47   2        }
  48   1      }


MODULE INFORMATION:   STATIC OVERLAYABLE
   CODE SIZE        =     93    ----
   CONSTANT SIZE    =   ----    ----
   XDATA SIZE       =   ----    ----
C51 COMPILER V9.54   MAIN                                                                  08/05/2024 16:12:15 PAGE 2   

   PDATA SIZE       =   ----    ----
   DATA SIZE        =   ----    ----
   IDATA SIZE       =   ----    ----
   BIT SIZE         =   ----    ----
END OF MODULE INFORMATION.


C51 COMPILATION COMPLETE.  0 WARNING(S),  0 ERROR(S)
